stm32746g_discovery_lcd.c:1580:13:LL_FillBuffer	32	static
stm32746g_discovery_lcd.c:247:10:BSP_LCD_GetXSize	0	static
stm32746g_discovery_lcd.c:256:10:BSP_LCD_GetYSize	0	static
stm32746g_discovery_lcd.c:266:6:BSP_LCD_SetXSize	0	static
stm32746g_discovery_lcd.c:276:6:BSP_LCD_SetYSize	0	static
stm32746g_discovery_lcd.c:287:6:BSP_LCD_LayerDefaultInit	72	static
stm32746g_discovery_lcd.c:321:6:BSP_LCD_LayerRgb565Init	80	static
stm32746g_discovery_lcd.c:354:6:BSP_LCD_SelectLayer	0	static
stm32746g_discovery_lcd.c:368:6:BSP_LCD_SetLayerVisible	0	static
stm32746g_discovery_lcd.c:390:6:BSP_LCD_SetLayerVisible_NoReload	0	static
stm32746g_discovery_lcd.c:410:6:BSP_LCD_SetTransparency	0	static
stm32746g_discovery_lcd.c:422:6:BSP_LCD_SetTransparency_NoReload	0	static
stm32746g_discovery_lcd.c:433:6:BSP_LCD_SetLayerAddress	0	static
stm32746g_discovery_lcd.c:444:6:BSP_LCD_SetLayerAddress_NoReload	0	static
stm32746g_discovery_lcd.c:458:6:BSP_LCD_SetLayerWindow	24	static
stm32746g_discovery_lcd.c:476:6:BSP_LCD_SetLayerWindow_NoReload	24	static
stm32746g_discovery_lcd.c:491:6:BSP_LCD_SetColorKeying	16	static
stm32746g_discovery_lcd.c:504:6:BSP_LCD_SetColorKeying_NoReload	16	static
stm32746g_discovery_lcd.c:516:6:BSP_LCD_ResetColorKeying	0	static
stm32746g_discovery_lcd.c:527:6:BSP_LCD_ResetColorKeying_NoReload	0	static
stm32746g_discovery_lcd.c:540:6:BSP_LCD_Reload	0	static
stm32746g_discovery_lcd.c:550:6:BSP_LCD_SetTextColor	0	static
stm32746g_discovery_lcd.c:559:10:BSP_LCD_GetTextColor	0	static
stm32746g_discovery_lcd.c:569:6:BSP_LCD_SetBackColor	0	static
stm32746g_discovery_lcd.c:578:10:BSP_LCD_GetBackColor	0	static
stm32746g_discovery_lcd.c:588:6:BSP_LCD_SetFont	0	static
stm32746g_discovery_lcd.c:597:8:BSP_LCD_GetFont	0	static
stm32746g_discovery_lcd.c:608:10:BSP_LCD_ReadPixel	8	static
stm32746g_discovery_lcd.c:643:6:BSP_LCD_Clear	16	static
stm32746g_discovery_lcd.c:765:6:BSP_LCD_DrawHLine	32	static
stm32746g_discovery_lcd.c:790:6:BSP_LCD_DrawVLine	32	static
stm32746g_discovery_lcd.c:891:6:BSP_LCD_DrawRect	24	static
stm32746g_discovery_lcd.c:1017:6:BSP_LCD_DrawPixel	12	static
stm32746g_discovery_lcd.c:674:6:BSP_LCD_DisplayChar	56	static
stm32746g_discovery_lcd.c:692:6:BSP_LCD_DisplayStringAt	32	static
stm32746g_discovery_lcd.c:753:6:BSP_LCD_DisplayStringAtLine	4	static
stm32746g_discovery_lcd.c:816:6:BSP_LCD_DrawLine	64	static
stm32746g_discovery_lcd.c:956:6:BSP_LCD_DrawPolygon	16	static
stm32746g_discovery_lcd.c:1502:13:FillTriangle	64	static
stm32746g_discovery_lcd.c:909:6:BSP_LCD_DrawCircle	64	static
stm32746g_discovery_lcd.c:984:6:BSP_LCD_DrawEllipse	56	static
stm32746g_discovery_lcd.c:1037:6:BSP_LCD_DrawBitmap	56	static
stm32746g_discovery_lcd.c:1095:6:BSP_LCD_FillRect	32	static
stm32746g_discovery_lcd.c:654:6:BSP_LCD_ClearStringLine	24	static
stm32746g_discovery_lcd.c:1122:6:BSP_LCD_FillCircle	48	static
stm32746g_discovery_lcd.c:1170:6:BSP_LCD_FillPolygon	64	static
stm32746g_discovery_lcd.c:1238:6:BSP_LCD_FillEllipse	48	static
stm32746g_discovery_lcd.c:1268:6:BSP_LCD_DisplayOn	8	static
stm32746g_discovery_lcd.c:1280:6:BSP_LCD_DisplayOff	8	static
stm32746g_discovery_lcd.c:1294:13:BSP_LCD_MspInit	80	static
stm32746g_discovery_lcd.c:1366:13:BSP_LCD_MspDeInit	8	static
stm32746g_discovery_lcd.c:226:9:BSP_LCD_DeInit	8	static
stm32746g_discovery_lcd.c:1415:13:BSP_LCD_ClockConfig	0	static
stm32746g_discovery_lcd.c:164:9:BSP_LCD_Init	8	static
