stm32746g_discovery_audio.c:770:13:SAIx_Out_DeInit	0	static
stm32746g_discovery_audio.c:1352:13:SAIx_In_DeInit	0	static
stm32746g_discovery_audio.c:1247:13:SAIx_In_Init	56	static
stm32746g_discovery_audio.c:232:9:BSP_AUDIO_OUT_Play	16	static
stm32746g_discovery_audio.c:254:6:BSP_AUDIO_OUT_ChangeBuffer	0	static
stm32746g_discovery_audio.c:267:9:BSP_AUDIO_OUT_Pause	8	static
stm32746g_discovery_audio.c:291:9:BSP_AUDIO_OUT_Resume	8	static
stm32746g_discovery_audio.c:317:9:BSP_AUDIO_OUT_Stop	16	static
stm32746g_discovery_audio.c:345:9:BSP_AUDIO_OUT_SetVolume	8	static
stm32746g_discovery_audio.c:365:9:BSP_AUDIO_OUT_SetMute	8	static
stm32746g_discovery_audio.c:386:9:BSP_AUDIO_OUT_SetOutputMode	8	static
stm32746g_discovery_audio.c:434:6:BSP_AUDIO_OUT_SetAudioFrameSlot	8	static
stm32746g_discovery_audio.c:511:13:BSP_AUDIO_OUT_TransferComplete_CallBack	0	static
stm32746g_discovery_audio.c:463:6:HAL_SAI_TxCpltCallback	8	static
stm32746g_discovery_audio.c:519:13:BSP_AUDIO_OUT_HalfTransfer_CallBack	0	static
stm32746g_discovery_audio.c:475:6:HAL_SAI_TxHalfCpltCallback	8	static
stm32746g_discovery_audio.c:527:13:BSP_AUDIO_OUT_Error_CallBack	0	static
stm32746g_discovery_audio.c:537:13:BSP_AUDIO_OUT_MspInit	72	static
stm32746g_discovery_audio.c:620:13:BSP_AUDIO_OUT_MspDeInit	8	static
stm32746g_discovery_audio.c:451:6:BSP_AUDIO_OUT_DeInit	8	static
stm32746g_discovery_audio.c:665:13:BSP_AUDIO_OUT_ClockConfig	144	static
stm32746g_discovery_audio.c:179:9:BSP_AUDIO_OUT_Init	32	static
stm32746g_discovery_audio.c:407:6:BSP_AUDIO_OUT_SetFrequency	16	static
stm32746g_discovery_audio.c:971:10:BSP_AUDIO_IN_Record	8	static
stm32746g_discovery_audio.c:993:9:BSP_AUDIO_IN_Stop	16	static
stm32746g_discovery_audio.c:1019:9:BSP_AUDIO_IN_Pause	8	static
stm32746g_discovery_audio.c:1031:9:BSP_AUDIO_IN_Resume	8	static
stm32746g_discovery_audio.c:1044:9:BSP_AUDIO_IN_SetVolume	8	static
stm32746g_discovery_audio.c:1098:13:BSP_AUDIO_IN_TransferComplete_CallBack	0	static
stm32746g_discovery_audio.c:1076:6:HAL_SAI_RxCpltCallback	8	static
stm32746g_discovery_audio.c:1109:13:BSP_AUDIO_IN_HalfTransfer_CallBack	0	static
stm32746g_discovery_audio.c:1087:6:HAL_SAI_RxHalfCpltCallback	8	static
stm32746g_discovery_audio.c:1120:13:BSP_AUDIO_IN_Error_CallBack	0	static
stm32746g_discovery_audio.c:487:6:HAL_SAI_ErrorCallback	16	static
stm32746g_discovery_audio.c:1132:13:BSP_AUDIO_IN_MspInit	64	static
stm32746g_discovery_audio.c:809:9:BSP_AUDIO_IN_InitEx.part.0	24	static
stm32746g_discovery_audio.c:809:9:BSP_AUDIO_IN_InitEx	0	static
stm32746g_discovery_audio.c:796:9:BSP_AUDIO_IN_Init	0	static
stm32746g_discovery_audio.c:887:9:BSP_AUDIO_IN_OUT_Init	16	static
stm32746g_discovery_audio.c:1205:13:BSP_AUDIO_IN_MspDeInit	8	static
stm32746g_discovery_audio.c:1064:6:BSP_AUDIO_IN_DeInit	8	static
