usbh_hid.c:299:20:USBH_HID_InterfaceDeInit	24	static
usbh_hid.c:135:27:create_handle	16	static
usbh_hid.c:829:20:USBH_HID_Parameter	8	static
usbh_hid.c:505:27:USBH_HID_SOFProcess	8	static
usbh_hid.c:536:20:USBH_HID_GetHIDReportDescriptor	16	static
usbh_hid.c:565:20:USBH_HID_GetHIDDescriptor	16	static
usbh_hid.c:162:27:USBH_HID_InterfaceInit	56	static
usbh_hid.c:599:20:USBH_HID_SetIdle	4	static
usbh_hid.c:617:20:USBH_HID_SetReport	12	static
usbh_hid.c:637:20:USBH_HID_GetReport	12	static
usbh_hid.c:653:20:USBH_HID_SetProtocol	0	static
usbh_hid.c:346:27:USBH_HID_ClassRequest	16	static
usbh_hid.c:683:17:USBH_HID_GetDeviceType	0	static
usbh_hid.c:708:9:USBH_HID_GetPollInterval	0	static
usbh_hid.c:734:6:fifo_init	0	static
usbh_hid.c:751:11:fifo_read	20	static
usbh_hid.c:789:11:fifo_write	20	static
usbh_hid.c:825:13:USBH_HID_EventCallback	0	static
usbh_hid.c:425:27:USBH_HID_Process	16	static
